✔ probe runs grant-free in the main world; only a separate helper receives GM privileges (32.1247ms)
✔ all fourteen load-wrapped modules register without external code execution (39.8947ms)
✔ generated candidate bridge rejects webpage Rename operations while retaining other tools (2.4299ms)
✔ repeated injection does not re-register modules or DOM listeners (7.5447ms)
✔ foreign hosts and frames remain untouched (7.8166ms)
✔ mailbox host loads auth only; no probe, recovery or billing interception (7.4695ms)
✔ billing adapter is unavailable before account verification (2.3988ms)
✔ external broadcasts are on by default; account-switch hard stop is not a user toggle (14.5615ms)
✔ generated probe wires automatic choice alerts to the server broadcaster (0.8533ms)
✔ Markdown renderer stays callable as an expression result (5.3272ms)
✔ provenance verifies original assets and generated output (11.886ms)
✔ adapter mounts once, starts collapsed, and does not perform page actions (5.7317ms)
✔ export and repair UI require explicit clicks; cancelled confirmation prevents mutation (7.8204ms)
✔ mailbox adapter omits Arena-only operations (3.9437ms)
✔ all seven explicit levels survive, budget and mode are separate (18.6073ms)
✔ conflict and unsupported values never become guessed effort (5.3189ms)
✔ unknown and large token count do not become high (1.4388ms)
✔ zero usage distinct from missing and conflicts (3.5205ms)
✔ model suffix is independent; model name itself is not a tier (2.7509ms)
✔ multiple calls retain independent levels and do not inherit turn records (1.0443ms)
✔ single call combines matching config sources with provenance, reporting conflict (1.0829ms)
✔ single-call usage record and Google metadata may agree or conflict (1.3072ms)
✔ latest turn only, duplicate spans ignored, partial flags retained (4.0071ms)
✔ private text and malicious paths never enter inspector snapshot (1.1962ms)
✔ snapshot requires confirmed account, session, active run and generation (11.1973ms)
✔ same run is never reassigned to another account (4.3022ms)
✔ new route or turn clears old display facts (1.1471ms)
✔ page request evidence requires current page and generation (4.6618ms)
✔ read-only module introduces no network hooks, persistent state or unsafe HTML (0.4954ms)
✔ manifest and static module entry include inspector (7.6826ms)
✔ mounted UI is idempotent, escapes model text, preserves evidence expansion and clears stale data (3.2749ms)
✔ duplicate turn-level usage records are not assigned to the single model call (2.4592ms)
✔ recognized conversation is POSTed by the separate GM helper, and only confirmed models change titles (18.4662ms)
✔ each visible row is queried with bounded concurrency; invalid links, 404s and mismatched replies never paint (3.2841ms)
✔ React title changes are re-applied; a later server 404 restores the native title (3.4011ms)
✔ a stale lookup cannot overwrite a newer confirmed POST for the same session (4.6785ms)
✔ changes to one session model serialize writes and the most recently recognized model wins (5.1942ms)
✔ temporary POST failures retry with backoff and never fabricate a successful title (3.5941ms)
✔ an evicted mapped conversation is saved again only after a confirmed 404 (3.6317ms)
✔ sidebar lookup queue issues at most three simultaneous GM requests (2.8543ms)
✔ account switch stops all further sync and restores DOM-only labels (7.5615ms)
✔ pending privileged writes are aborted on account change and cannot repaint after the switch (2.8829ms)
✔ a missing separate helper never falls back to CORS-bound page fetch (4.2965ms)
✔ helper loading after the page script announces readiness and drains queued requests (2.618ms)
✔ sidebar snapshot contains direct title spans under exact Arena agent links (6.5503ms)
✔ generated userscript contains no old rename action, and privileged host scope is exact (28.0738ms)
ℹ tests 46
ℹ suites 0
ℹ pass 46
ℹ fail 0
ℹ cancelled 0
ℹ skipped 0
ℹ todo 0
ℹ duration_ms 656.0549
